Command line invocation:
    /Applications/Xcode.app/Contents/Developer/usr/bin/xcodebuild -workspace OurBigKitchen_Restored/OurBigKitchen.xcworkspace -scheme OurBigKitchen -destination "platform=macOS,arch=arm64,name=My Mac" clean build

ComputePackagePrebuildTargetDependencyGraph

CreateBuildRequest

SendProjectDescription

CreateBuildOperation

** CLEAN SUCCEEDED **

ComputePackagePrebuildTargetDependencyGraph

Prepare packages

CreateBuildRequest

SendProjectDescription

CreateBuildOperation

ComputeTargetDependencyGraph
note: Building targets in dependency order
note: Target dependency graph (1 target)
    Target 'OurBigKitchen' in project 'OurBigKitchen' (no dependencies)

GatherProvisioningInputs

CreateBuildDescription

ExecuteExternalTool /Applications/Xcode.app/Contents/Developer/Toolchains/XcodeDefault.xctoolchain/usr/bin/clang -v -E -dM -isysroot /Applications/Xcode.app/Contents/Developer/Platforms/iPhoneOS.platform/Developer/SDKs/iPhoneOS18.5.sdk -x c -c /dev/null

ExecuteExternalTool /Applications/Xcode.app/Contents/Developer/usr/bin/momc --dry-run --action generate --swift-version 5.0 --sdkroot /Applications/Xcode.app/Contents/Developer/Platforms/iPhoneOS.platform/Developer/SDKs/iPhoneOS18.5.sdk --iphoneos-deployment-target 16.0 --module OurBigKitchen /Users/admin/Desktop/OurBigKitchen/OurBigKitchen_Restored/OurBigKitchen/OurBigKitchen.xcdatamodeld /Users/admin/Library/Developer/Xcode/DerivedData/OurBigKitchen-hfymmpyuskotqtfjpnrrtmxzjlqe/Build/Intermediates.noindex/OurBigKitchen.build/Debug-iphoneos/OurBigKitchen.build/DerivedSources/CoreDataGenerated/OurBigKitchen

ExecuteExternalTool /Applications/Xcode.app/Contents/Developer/usr/bin/actool --print-asset-tag-combinations --output-format xml1 /Users/admin/Desktop/OurBigKitchen/OurBigKitchen_Restored/OurBigKitchen/Assets.xcassets

ExecuteExternalTool /Applications/Xcode.app/Contents/Developer/usr/bin/actool --version --output-format xml1

ExecuteExternalTool /Applications/Xcode.app/Contents/Developer/Toolchains/XcodeDefault.xctoolchain/usr/bin/swiftc --version

ExecuteExternalTool /Applications/Xcode.app/Contents/Developer/Toolchains/XcodeDefault.xctoolchain/usr/bin/ld -version_details

Build description signature: 54160b50f2bf81d43aa7ea29bef4f903
Build description path: /Users/admin/Library/Developer/Xcode/DerivedData/OurBigKitchen-hfymmpyuskotqtfjpnrrtmxzjlqe/Build/Intermediates.noindex/XCBuildData/54160b50f2bf81d43aa7ea29bef4f903.xcbuilddata
/Users/admin/Desktop/OurBigKitchen/OurBigKitchen_Restored/OurBigKitchen.xcodeproj: error: Provisioning profile "iOS Team Provisioning Profile: com.shaina.obk.OurBigKitchen" doesn't include the currently selected device "MacBook Air 05" (identifier 00008103-001E31D80A20801E). (in target 'OurBigKitchen' from project 'OurBigKitchen')
